// Part of the Crubit project, under the Apache License v2.0 with LLVM
// Exceptions. See /LICENSE for license information.
// SPDX-License-Identifier: Apache-2.0 WITH LLVM-exception

{
  "namespaces": [
    {
      "namespace": {
        "children": [
          {
            "namespace": {
              "children": [
                {
                  "namespace": {
                    "children": [],
                    "name": "baz"
                  }
                }
              ],
              "name": "bar"
            }
          },
          {
            "namespace": {
              "children": [],
              "name": "baz"
            }
          }
        ],
        "name": "foo"
      }
    },
    {
      "namespace": {
        "children": [
          {
            "namespace": {
              "children": [],
              "name": "foo"
            }
          }
        ],
        "name": "xyz"
      }
    }
  ]
}